


tokenizer trained: 8192
cmd: python -m myna.train --suite data/decision-v2-pilot --out runs/antiprior_on_s0 --device mps --steps 3600 --config v0 --batch 10 --accum-groups 8 --max-q-cells 2048 --group-sample pool --eval-every 250 --save-every 250 --mem-safety 0.6 --stop-factor 3.0 --seed 0 --vocab 8192 --score-loss ce --anti-prior on --paraphrase on --row-batch --free-gib 9.0
split train: 57904 rows over 17112 groups, per-group 1-5300
split dev: 1176 rows over 524 groups, per-group 1-80
split test: 1176 rows over 534 groups, per-group 1-80
split calibration: 448 rows over 168 groups, per-group 1-48
params: 16926848
train question-sets: 17112  median pool 1  sets with pool<batch(10) 16967 (99% of sets run a short batch)
row-batch: 57904 rows in one pool, 17112 question sets, widest row 3 questions x 40 tokens; budget 2048 cells/forward (~3.2 GB branch)
anti-prior: mini-batches drawn by inverse label prior; 6 of 16 cells carry a majority label at or above 0.55
paraphrase: 17112 question sets re-worded, suite wording held out; 17112 sets budgeted at their longest phrasing
memory plan: batch 10 fits 9.0 GiB free x 0.6, less 3.2 GiB of question branch at p95 267 tokens (needs 5.3 GiB)
step     0  loss 1.677  ema 1.677  sets/update 8  203s
step    60  loss 1.567  ema 1.548  sets/update 8  5576s
step   120  loss 1.434  ema 1.516  sets/update 8  5974s
step   180  loss 1.446  ema 1.492  sets/update 8  6370s
step   240  loss 1.592  ema 1.462  sets/update 8  6771s
step   250  dev-mid acc 0.3592
step   300  loss 1.665  ema 1.512  sets/update 8  7204s
step   360  loss 1.446  ema 1.541  sets/update 8  7590s
step   420  loss 1.480  ema 1.526  sets/update 8  7996s
step   480  loss 1.468  ema 1.508  sets/update 8  8401s
step   500  dev-mid acc 0.3789
step   540  loss 1.215  ema 1.547  sets/update 8  8860s
