cmd: anti_prior_audit.py --compare --out runs/anti_prior_audit.json
suite: /Users/aashish/next ko ne next gen model/data/decision-v2-pilot/train.jsonl sha256 5f5f93ff7ca03e45  57904 rows in 17112 question sets
dose per arm: 3600 updates x 8 sets x batch 10 at 2048 cells/forward, seed 0

cells at or above skew 0.55: 6 of 16 — agnews/is_business 0.7545, agnews/is_sports 0.7483, agnews/is_scitech 0.7467, agnews/is_world 0.7390, boolq/answer 0.6243, yelp/recommend 0.6055

per-source weight sums (each should equal its row count):
  agnews         rows   5300  sum(w)    5300.00
  amazon         rows   5300  sum(w)    5300.00
  banking77      rows   5300  sum(w)    5300.00
  boolq          rows   5300  sum(w)    5300.00
  contrastive    rows   4904  sum(w)    4904.00
  dbpedia14      rows   5300  sum(w)    5300.00
  imdb           rows   5300  sum(w)    5300.00
  mnli           rows   5300  sum(w)    5300.00
  sst5           rows   5300  sum(w)    5300.00
  trec           rows   5300  sum(w)    5300.00
  yelp           rows   5300  sum(w)    5300.00
worst relative deviation 0.00e+00

=== arm uniform: --anti-prior off, what every committed figure was drawn by ===
cell                     type      drawn labels  natural  realized      move  reach
-------------------------------------------------------------------------------------------
agnews/is_business       noul       9679      2   0.7545    0.7557   +0.0011  targets
agnews/is_sports         noul      10150      2   0.7483    0.7443   -0.0040  targets
agnews/is_scitech        noul       9980      2   0.7467    0.7446   -0.0021  targets
agnews/is_world          noul      10071      2   0.7390    0.7467   +0.0077  targets
boolq/answer             noul      23025      2   0.6243    0.6279   +0.0036  targets
yelp/recommend           noul      21409      2   0.6055    0.6041   -0.0014  targets
imdb/positive            noul      22900      2   0.5004    0.5076   +0.0073  
contrastive/decision     noul      21127      3   0.5000    0.5070   +0.0070  
mnli/relation            choice    23044      3   0.3396    0.3418   +0.0022  
sst5/sentiment           score     22745      5   0.2708    0.2698   -0.0009  
agnews/topic             choice    19940      4   0.2549    0.2607   +0.0058  
trec/answer_type         choice    21572      6   0.2323    0.2316   -0.0006  
amazon/stars             score     22744      5   0.2115    0.2143   +0.0028  
yelp/rating              score     21409      5   0.2047    0.2033   -0.0014  
dbpedia14/category       choice    22888     14   0.0787    0.0775   -0.0012  
banking77/intent         choice     9158     77   0.0198    0.0201   +0.0003  

=== arm weighted: --anti-prior on, combine='prod' ===
cell                     type      drawn labels  natural  realized      move  reach
-------------------------------------------------------------------------------------------
agnews/is_business       noul       9686      2   0.7545    0.6184   -0.1361  targets
agnews/is_sports         noul       9943      2   0.7483    0.6278   -0.1205  targets
agnews/is_scitech        noul      10175      2   0.7467    0.6247   -0.1220  targets
agnews/is_world          noul      10208      2   0.7390    0.6172   -0.1219  targets
boolq/answer             noul      22773      2   0.6243    0.5023   -0.1220  targets
yelp/recommend           noul      21709      2   0.6055    0.5095   -0.0960  targets
imdb/positive            noul      22988      2   0.5004    0.5022   +0.0018  
contrastive/decision     noul      20820      3   0.5000    0.3367   -0.1633  
mnli/relation            choice    22856      3   0.3396    0.3371   -0.0026  
sst5/sentiment           score     22732      5   0.2708    0.2025   -0.0682  
agnews/topic             choice    20006      4   0.2549    0.2532   -0.0017  
trec/answer_type         choice    21776      6   0.2323    0.1710   -0.0613  
amazon/stars             score     22755      5   0.2115    0.2019   -0.0096  
yelp/rating              score     21709      5   0.2047    0.2592   +0.0545  
dbpedia14/category       choice    22867     14   0.0787    0.0743   -0.0043  
banking77/intent         choice     9153     77   0.0198    0.0172   -0.0027  

=== the two audits, as the trainer would print them ===
--- uniform: --anti-prior off, the control arm ---
anti-prior: agnews/is_business majority 0.755 -> 0.756 over 9679 drawn rows
anti-prior: agnews/is_sports majority 0.748 -> 0.744 over 10150 drawn rows
anti-prior: agnews/is_scitech majority 0.747 -> 0.745 over 9980 drawn rows
anti-prior: agnews/is_world majority 0.739 -> 0.747 over 10071 drawn rows
anti-prior: boolq/answer majority 0.624 -> 0.628 over 23025 drawn rows
anti-prior: yelp/recommend majority 0.605 -> 0.604 over 21409 drawn rows
anti-prior: 230552 rows drawn over 6 skewed cells; per-source draw mix in the payload
--- weighted: --anti-prior on, combine='prod', the treated arm ---
anti-prior: agnews/is_business majority 0.755 -> 0.618 over 9686 drawn rows
anti-prior: agnews/is_sports majority 0.748 -> 0.628 over 9943 drawn rows
anti-prior: agnews/is_scitech majority 0.747 -> 0.625 over 10175 drawn rows
anti-prior: agnews/is_world majority 0.739 -> 0.617 over 10208 drawn rows
anti-prior: boolq/answer majority 0.624 -> 0.502 over 22773 drawn rows
anti-prior: yelp/recommend majority 0.605 -> 0.510 over 21709 drawn rows
anti-prior: 230435 rows drawn over 6 skewed cells; per-source draw mix in the payload

source mix of the drawn batches (pts; the gap to the row share is the cell budget's, in both arms — only the last column belongs to the weights):
  agnews         rows  9.15  uniform  8.65 (-0.50)  weighted  8.68 (-0.47)  weighted-uniform +0.03
  amazon         rows  9.15  uniform  9.87 (+0.71)  weighted  9.87 (+0.72)  weighted-uniform +0.01
  banking77      rows  9.15  uniform  3.97 (-5.18)  weighted  3.97 (-5.18)  weighted-uniform -0.00
  boolq          rows  9.15  uniform  9.99 (+0.83)  weighted  9.88 (+0.73)  weighted-uniform -0.10
  contrastive    rows  8.47  uniform  9.16 (+0.69)  weighted  9.04 (+0.57)  weighted-uniform -0.13
  dbpedia14      rows  9.15  uniform  9.93 (+0.77)  weighted  9.92 (+0.77)  weighted-uniform -0.00
  imdb           rows  9.15  uniform  9.93 (+0.78)  weighted  9.98 (+0.82)  weighted-uniform +0.04
  mnli           rows  9.15  uniform 10.00 (+0.84)  weighted  9.92 (+0.77)  weighted-uniform -0.08
  sst5           rows  9.15  uniform  9.87 (+0.71)  weighted  9.86 (+0.71)  weighted-uniform -0.00
  trec           rows  9.15  uniform  9.36 (+0.20)  weighted  9.45 (+0.30)  weighted-uniform +0.09
  yelp           rows  9.15  uniform  9.29 (+0.13)  weighted  9.42 (+0.27)  weighted-uniform +0.13
largest between-arm mix difference: 0.13 pts

=== --compare: every COMBINE rule drawn through balance_weights ===
rule     agnews/is_business agnews/is_sports agnews/is_scitech  agnews/is_world     boolq/answer   yelp/recommend
-----------------------------------------------------------------------------------------------------------------
natural            0.7545           0.7483           0.7467           0.7390           0.6243           0.6055
geo                0.6997           0.7082           0.7000           0.6992           0.5058           0.5556
max                0.7483           0.7436           0.7547           0.7410           0.5037           0.5926
mean               0.7112           0.7127           0.7064           0.7003           0.5053           0.5707
prod               0.6184           0.6278           0.6247           0.6172           0.5023           0.5095
sum                0.7112           0.7127           0.7064           0.7003           0.5053           0.5707
(natural row share of the drawn majority, per rule; 3600 updates, seed 0)
shipped rule: prod — mean/max/geo/sum are kept in COMBINE only so this table stays reproducible

draw stats: uniform {"rows_drawn": 230552, "mini_batches": 28800, "mean_batch": 8.01, "question_sets_seen": 17112, "seconds": 3.5}  weighted {"rows_drawn": 230435, "mini_batches": 28800, "mean_batch": 8.0, "question_sets_seen": 17112, "seconds": 4.1}
NOTE: nothing here is an accuracy claim. The test split's majority floors are computed on the untouched rows, so this mechanism buys headroom only if the model reads after the shortcut is removed — measured by a training run, not by a draw.
wrote runs/anti_prior_audit.json
