


tokenizer trained: 8192
cmd: python -m myna.train --suite data/decision-v2-pilot --out runs/antiprior_off_s0 --device mps --steps 3600 --config v0 --batch 10 --accum-groups 8 --max-q-cells 2048 --group-sample pool --eval-every 250 --save-every 250 --mem-safety 0.6 --stop-factor 3.0 --seed 0 --vocab 8192 --score-loss ce --anti-prior off --paraphrase on --row-batch --free-gib 9.0
split train: 57904 rows over 17112 groups, per-group 1-5300
split dev: 1176 rows over 524 groups, per-group 1-80
split test: 1176 rows over 534 groups, per-group 1-80
split calibration: 448 rows over 168 groups, per-group 1-48
params: 16926848
train question-sets: 17112  median pool 1  sets with pool<batch(10) 16967 (99% of sets run a short batch)
row-batch: 57904 rows in one pool, 17112 question sets, widest row 3 questions x 40 tokens; budget 2048 cells/forward (~3.2 GB branch)
paraphrase: 17112 question sets re-worded, suite wording held out; 17112 sets budgeted at their longest phrasing
memory plan: batch 10 fits 9.0 GiB free x 0.6, less 3.2 GiB of question branch at p95 267 tokens (needs 5.3 GiB)
step     0  loss 1.518  ema 1.518  sets/update 8  7s
step    60  loss 1.307  ema 1.475  sets/update 8  412s
step   120  loss 1.537  ema 1.527  sets/update 8  812s
step   180  loss 1.433  ema 1.476  sets/update 8  1214s
step   240  loss 1.449  ema 1.513  sets/update 8  1612s
step   250  dev-mid acc 0.3682
step   300  loss 1.553  ema 1.493  sets/update 8  2048s
step   360  loss 1.447  ema 1.478  sets/update 8  2457s
step   420  loss 1.160  ema 1.431  sets/update 8  2851s
step   480  loss 1.510  ema 1.480  sets/update 8  3242s
step   500  dev-mid acc 0.3962
step   540  loss 1.459  ema 1.479  sets/update 8  3669s
step   600  loss 1.541  ema 1.489  sets/update 8  4066s
step   660  loss 1.478  ema 1.482  sets/update 8  4458s
step   720  loss 1.592  ema 1.484  sets/update 8  4867s
step   750  dev-mid acc 0.3638
step   780  loss 1.428  ema 1.495  sets/update 8  5293s
step   840  loss 1.379  ema 1.465  sets/update 8  5707s
step   900  loss 1.600  ema 1.422  sets/update 8  6097s
step   960  loss 1.281  ema 1.440  sets/update 8  6500s
step  1000  dev-mid acc 0.3758
step  1020  loss 1.530  ema 1.418  sets/update 8  6934s
step  1080  loss 1.337  ema 1.428  sets/update 8  7337s
step  1140  loss 1.571  ema 1.483  sets/update 8  7739s
step  1200  loss 1.248  ema 1.404  sets/update 8  8144s
step  1250  dev-mid acc 0.4023
step  1260  loss 1.580  ema 1.444  sets/update 8  8578s
step  1320  loss 1.293  ema 1.402  sets/update 8  8973s
step  1380  loss 1.541  ema 1.389  sets/update 8  9378s
step  1440  loss 1.126  ema 1.339  sets/update 8  9773s
step  1500  loss 1.098  ema 1.257  sets/update 8  10175s
step  1500  dev-mid acc 0.4062
step  1560  loss 1.529  ema 1.274  sets/update 8  10595s
step  1620  loss 1.089  ema 1.204  sets/update 8  10985s
step  1680  loss 1.006  ema 1.180  sets/update 8  11389s
step  1740  loss 1.040  ema 1.184  sets/update 8  11788s
step  1750  dev-mid acc 0.4173
step  1800  loss 0.924  ema 1.174  sets/update 8  12205s
step  1860  loss 1.371  ema 1.197  sets/update 8  12595s
step  1920  loss 1.203  ema 1.159  sets/update 8  12991s
step  1980  loss 1.156  ema 1.166  sets/update 8  13377s
step  2000  dev-mid acc 0.4373
step  2040  loss 1.228  ema 1.112  sets/update 8  13799s
step  2100  loss 1.173  ema 1.118  sets/update 8  14186s
step  2160  loss 1.093  ema 1.158  sets/update 8  14576s
step  2220  loss 1.060  ema 1.161  sets/update 8  14970s
