$ uv run python bench/diag_question_ablation.py --run-dir /private/tmp/kgwork/ckptfull/runs/v1b-kaggle-3600b --tokenizer /private/tmp/kgwork/tok/runs/v1b-kaggle-3600b/tokenizer.json --out runs/diag_question_ablation.json
run: last_step 3599 (from v1b_kaggle_3600b.metrics.json; the checkpoint records no step) · 16,926,848 params · temperature 1.2 · model 0e73a8f07edc · tokenizer 0252c24627ee · device cpu
as-scored               macro 0.4893 (floor 0.4331) rewrote    0/716 cues,    0 option sets,    0/1176 states in  34.1s
blank-instruction       macro 0.3341 (floor 0.4331) rewrote  716/716 cues,    0 option sets,    0/1176 states in  33.8s
permute-instruction     macro 0.4927 (floor 0.4331) rewrote  260/716 cues,    0 option sets,    0/1176 states in  33.9s
cross-source-instruction macro 0.4364 (floor 0.4331) rewrote  526/716 cues,    0 option sets,    0/1176 states in  34.7s
blank-options           macro 0.2669 (floor 0.4331) rewrote    0/716 cues,  716 option sets,    0/1176 states in  28.1s
swap-state              macro 0.4173 (floor 0.4331) rewrote    0/716 cues,    0 option sets, 1164/1176 states in  34.0s

guard green: the as-scored arm reproduces 716 committed keys (0 single-row tie flips) · macro 0.4893271976

cell                       type      n   K  as-scored blank-instruction permute-instruction cross-source-instruction blank-options swap-state  floor  unif  worst-d
agnews/is_business         noul     43   2      0.651      0.326      0.651      0.581      0.326      0.674   0.698  0.500   -0.326
agnews/is_scitech          noul     49   2      0.653      0.306      0.653      0.714      0.347      0.653   0.653  0.500   -0.347
agnews/is_sports           noul     47   2      0.809      0.170      0.809      0.489      0.213      0.809   0.809  0.500   -0.638
agnews/is_world            noul     45   2      0.778      0.267      0.778      0.578      0.289      0.778   0.778  0.500   -0.511
agnews/topic               choice  116   5      0.371      0.259      0.362      0.328      0.284      0.310   0.328  0.245   -0.112
amazon/stars               score    80   5      0.237      0.225      0.237      0.225      0.263      0.237   0.263  0.200   -0.012
banking77/intent           choice  116  78      0.034      0.026      0.034      0.034      0.026      0.034   0.043  0.013   -0.009
boolq/answer               noul     80   2      0.500      0.550      0.575      0.512      0.512      0.512   0.537  0.500   +0.000
contrastive/decision       noul    196   4      0.505      0.480      0.515      0.510      0.327      0.505   0.454  0.396   -0.179
dbpedia14/category         choice  116  15      0.457      0.379      0.457      0.457      0.052      0.069   0.129  0.071   -0.405
imdb/positive              noul     80   2      0.800      0.600      0.800      0.787      0.325      0.525   0.537  0.500   -0.475
mnli/relation              choice  116   4      0.328      0.336      0.293      0.284      0.293      0.328   0.353  0.325   -0.043
sst5/sentiment             score    80   5      0.287      0.188      0.287      0.250      0.263      0.287   0.250  0.200   -0.100
trec/answer_type           choice  116   7      0.319      0.284      0.319      0.319      0.164      0.241   0.284  0.164   -0.155
yelp/rating                score    80   5      0.362      0.362      0.375      0.388      0.375      0.225   0.275  0.200   -0.137
yelp/recommend             noul     80   2      0.738      0.588      0.738      0.525      0.212      0.487   0.537  0.500   -0.525

macro by arm (the published basis: row-weighted inside each cell, unweighted over cells):
  as-scored            0.4893 vs floor 0.4331  Δ +0.0000
  blank-instruction    0.3341 vs floor 0.4331  Δ -0.1553
  permute-instruction  0.4927 vs floor 0.4331  Δ +0.0034
  cross-source-instruction 0.4364 vs floor 0.4331  Δ -0.0529
  blank-options        0.2669 vs floor 0.4331  Δ -0.2225
  swap-state           0.4173 vs floor 0.4331  Δ -0.0720

per-cell label emission (as-scored): collapse_share is the fraction of rows the cell answers with its most-predicted label,
and state-Δ is what swapping this row's state for another row's from the same source costs the cell.
  agnews/is_business         noul   acc 0.651 floor 0.698 unif 0.500 collapse 0.953 (gold 0.698) labels   2/2   state-Δ  +0.023
  agnews/is_scitech          noul   acc 0.653 floor 0.653 unif 0.500 collapse 1.000 (gold 0.653) labels   1/2   state-Δ  +0.000
  agnews/is_sports           noul   acc 0.809 floor 0.809 unif 0.500 collapse 1.000 (gold 0.809) labels   1/2   state-Δ  +0.000
  agnews/is_world            noul   acc 0.778 floor 0.778 unif 0.500 collapse 1.000 (gold 0.778) labels   1/2   state-Δ  +0.000
  agnews/topic               choice acc 0.371 floor 0.328 unif 0.245 collapse 0.319 (gold 0.328) labels   5/5   state-Δ  -0.060
  amazon/stars               score  acc 0.237 floor 0.263 unif 0.200 collapse 0.312 (gold 0.263) labels   5/5   state-Δ  +0.000
  banking77/intent           choice acc 0.034 floor 0.043 unif 0.013 collapse 0.328 (gold 0.043) labels  31/78  state-Δ  +0.000
  boolq/answer               noul   acc 0.500 floor 0.537 unif 0.500 collapse 0.662 (gold 0.537) labels   2/2   state-Δ  +0.012
  contrastive/decision       noul   acc 0.505 floor 0.454 unif 0.396 collapse 0.551 (gold 0.454) labels   4/4   state-Δ  +0.000
  dbpedia14/category         choice acc 0.457 floor 0.129 unif 0.071 collapse 0.112 (gold 0.129) labels  14/15  state-Δ  -0.388
  imdb/positive              noul   acc 0.800 floor 0.537 unif 0.500 collapse 0.613 (gold 0.537) labels   2/2   state-Δ  -0.275
  mnli/relation              choice acc 0.328 floor 0.353 unif 0.325 collapse 0.405 (gold 0.353) labels   4/4   state-Δ  +0.000
  sst5/sentiment             score  acc 0.287 floor 0.250 unif 0.200 collapse 0.600 (gold 0.250) labels   3/5   state-Δ  +0.000
  trec/answer_type           choice acc 0.319 floor 0.284 unif 0.164 collapse 0.586 (gold 0.284) labels   7/7   state-Δ  -0.078
  yelp/rating                score  acc 0.362 floor 0.275 unif 0.200 collapse 0.275 (gold 0.275) labels   5/5   state-Δ  -0.137
  yelp/recommend             noul   acc 0.738 floor 0.537 unif 0.500 collapse 0.575 (gold 0.537) labels   2/2   state-Δ  -0.250

wrote runs/diag_question_ablation.json
EXIT=0
