baseline copy: green (1 test file)

[ 1/13] caught      the seed stops drawing weights, so the two-sample control is one draw
            FAILED tests/test_scratch.py::test_the_control_is_one_seeded_draw_and_no_two_draws_are_alike
[ 2/13] caught      the control is built at the config's vocab instead of the suite tokenizer's
            FAILED tests/test_scratch.py::test_the_control_is_one_seeded_draw_and_no_two_draws_are_alike
[ 3/13] caught      a checkpoint on the wrong vocab is scored anyway
            FAILED tests/test_scratch.py::test_a_checkpoint_from_another_vocab_is_refused
[ 4/13] caught      the markdown table is the last seed's while the metrics file claims the first
            FAILED tests/test_scratch.py::test_main_writes_the_trainers_metrics_shape - A...
[ 5/13] caught      the published mean becomes the best seed
            FAILED tests/test_scratch.py::test_main_writes_the_trainers_metrics_shape - A...
[ 6/13] caught      the calibration sidecars leak into the accuracy map
            FAILED tests/test_scratch.py::test_main_writes_the_trainers_metrics_shape - A...
[ 7/13] caught      the metrics file holds the last seed's numbers
            FAILED tests/test_scratch.py::test_main_writes_the_trainers_metrics_shape - A...
[ 8/13] caught      the metrics file's seed field names a seed that was not written
            FAILED tests/test_scratch.py::test_main_writes_the_trainers_metrics_shape - a...
[ 9/13] caught      the stored accuracies are rounded to one decimal
            FAILED tests/test_scratch.py::test_main_writes_the_trainers_metrics_shape - A...
[10/13] caught      the witness loses the command that produced it
            FAILED tests/test_scratch.py::test_main_writes_the_trainers_metrics_shape - A...
[11/13] caught      a repeated seed counts as two samples
            FAILED tests/test_scratch.py::test_each_refusal_refuses_in_words - TypeError:...
[12/13] caught      a missing tokenizer stops being the suite's problem
            FAILED tests/test_scratch.py::test_each_refusal_refuses_in_words - Exception:...
[13/13] caught      a resume file is accepted as a checkpoint
            FAILED tests/test_scratch.py::test_each_refusal_refuses_in_words - FileNotFou...

13/13 mutations caught
EXIT=0 (watched to completion 2026-09-28 by /tmp/sweep2.zsh, 111 s wall)
