W0927 12:03:38.916000 76780 .venv/lib/python3.13/site-packages/torch/onnx/_internal/exporter/_registration.py:107] torchvision is not installed. Skipping torchvision::nms
W0927 12:03:38.916000 76780 .venv/lib/python3.13/site-packages/torch/onnx/_internal/exporter/_registration.py:107] torchvision is not installed. Skipping torchvision::roi_align
W0927 12:03:38.916000 76780 .venv/lib/python3.13/site-packages/torch/onnx/_internal/exporter/_registration.py:107] torchvision is not installed. Skipping torchvision::roi_pool
W0927 12:03:38.916000 76780 .venv/lib/python3.13/site-packages/torch/onnx/_internal/exporter/_registration.py:107] torchvision is not installed. Skipping torchvision::deform_conv2d
W0927 12:03:55.070000 76780 .venv/lib/python3.13/site-packages/torch/onnx/_internal/exporter/_registration.py:107] torchvision is not installed. Skipping torchvision::nms
W0927 12:03:55.070000 76780 .venv/lib/python3.13/site-packages/torch/onnx/_internal/exporter/_registration.py:107] torchvision is not installed. Skipping torchvision::roi_align
W0927 12:03:55.070000 76780 .venv/lib/python3.13/site-packages/torch/onnx/_internal/exporter/_registration.py:107] torchvision is not installed. Skipping torchvision::roi_pool
W0927 12:03:55.070000 76780 .venv/lib/python3.13/site-packages/torch/onnx/_internal/exporter/_registration.py:107] torchvision is not installed. Skipping torchvision::deform_conv2d
[torch.onnx] Obtain model graph for `StateStep([...]` with `torch.export.export(..., strict=False)`...
[torch.onnx] Obtain model graph for `StateStep([...]` with `torch.export.export(..., strict=False)`... ✅
[torch.onnx] Run decompositions...
[torch.onnx] Run decompositions... ✅
[torch.onnx] Translate the graph into ONNX...
[torch.onnx] Translate the graph into ONNX... ✅
[torch.onnx] Optimize the ONNX graph...
[torch.onnx] Optimize the ONNX graph... ✅
[torch.onnx] Obtain model graph for `QuestionBranch([...]` with `torch.export.export(..., strict=False)`...
[torch.onnx] Obtain model graph for `QuestionBranch([...]` with `torch.export.export(..., strict=False)`... ✅
[torch.onnx] Run decompositions...
[torch.onnx] Run decompositions... ✅
[torch.onnx] Translate the graph into ONNX...
[torch.onnx] Translate the graph into ONNX... ✅
[torch.onnx] Optimize the ONNX graph...
[torch.onnx] Optimize the ONNX graph... ✅
exported to runs/onnx: head.bin 0.75 MiB · question.onnx 1.66 MiB · state_step.onnx 2.49 MiB · tokenizer.json 0.1 MiB · weights.bin 54.32 MiB
weights: ONE shared weights.bin of 54.32 MiB — 55 distinct regions, 33 of them read by both graphs, so 33.88 MiB transfers once instead of twice (33 references alias a region inside their own graph). One copy per graph would transfer 93.2 MiB; the artifact transfers 59.32 MiB
meta: chunk 256 scanned in 16-token tiles (3.0 MiB peak per call), 8 questions x 64 tokens, opset 18, exporter dynamo, 6 layers, 14.45M params, state 576 KiB, head 0.75 MiB, tokenizer 0.1 MiB
chained scan of 853 tokens over 4 chunks (padded tail): |Δ| 7.32e-04 = 1.63e-06 relative on a state of scale 449.0
question branch, 4 real + 4 padded rows: |Δ| 2.83e-05 = 4.58e-06 relative on hidden states of scale 6.2
isolation — question 0 run beside 7 masked rows: |Δ| 0.00e+00
decision parity through the pointer head, 3 question(s) (probabilities, bounded by 1): |Δ| 8.94e-08
onnxruntime state_step: 73.4 ms per 256-token chunk on this box
PASS: worst unit-scale |Δ| 8.94e-08 against 1e-04, and worst relative 4.58e-06 against 1e-04
wrote runs/onnx_parity.json
exit=0
