$ uv venv --seed --python 3.12 /tmp/venv-git && /tmp/venv-git/bin/pip install "git+file:///tmp/miga"
  # git+https://github.com/aashish254/myna.git is the documented line; this runs it against a
  # scratch git clone of the working tree at 21e9224, because the packaging under test is unpushed.
  # pip 26.2.1, python 3.12.13, an empty venv. Full transcript: /tmp/pip_gitinstall.log
Successfully installed MarkupSafe-3.0.3 anyio-4.15.1 certifi-2026.7.22 click-8.5.0 filelock-4.0.8 fsspec-2026.9.0 h11-0.16.0 hf-xet-1.6.0 httpcore-1.0.9 httpx-0.28.1 huggingface-hub-1.33.0 idna-3.20 jinja2-3.1.6 mpmath-1.3.0 myna-0.1.0 networkx-3.7 numpy-2.5.3 packaging-26.3 pyarrow-25.0.1 pyyaml-6.0.3 setuptools-84.0.0 sympy-1.14.0 tokenizers-0.23.2 torch-2.14.1 tqdm-4.70.1 typing-extensions-4.16.0

$ /tmp/venv-git/bin/python -c "import myna, torch; print(myna.__file__); print(torch.__version__); print(myna.fetch_weights)"
/tmp/venv-git/lib/python3.12/site-packages/myna/__init__.py
2.14.1
<function fetch_weights at 0x10bbe14e0>

$ find /tmp/venv-git/lib/python3.12/site-packages/myna -name "*.pt" | wc -l   # weights are not in the wheel
       0

$ /tmp/venv-git/bin/myna-weights --check
/Users/aashish/.cache/myna/antiprior_off_s0-weights: verified

$ /tmp/venv-git/bin/myna-weights --dest /tmp/venv-fetch
tag   antiprior_off_s0-weights
dir   /tmp/venv-fetch
      model.pt  30f0fa937e57e8ce8b21c58315dc7e800151a0c95e003dc0930e0f75d588f1e5
      tokenizer.json  0252c24627eeebc2df5a577576c1c8b24e402da015c1d45519e7e1d8541ffdc3
      Myna("/tmp/venv-fetch") is ready

$ /tmp/venv-git/bin/python - <<PY   # the README quickstart snippet, byte for byte
from myna import Myna, fetch_weights
myna = Myna(fetch_weights())
out = myna.predict("My order never arrived and I want a refund.", {
    "department": {"type": "choice",
                   "instructions": "Which team should handle this ticket?",
                   "criteria": ["billing", "technical", "shipping", "returns", "other"]}})
print(out["answers"]["department"]["choice"])
billing
confidence 0.7899749875068665 latency_ms 6.98

$ /tmp/venv-git/bin/myna-serve --help | head -4   # usage text answers without the serve extra
usage: myna-serve [-h] [--ckpt DIR] [--device DEVICE] [--abstain-below P]
                  [--host HOST] [--port PORT]

Serve the typed decision engine over HTTP: POST /v1/predict with {state,

$ /tmp/venv-git/bin/myna-serve --ckpt /tmp/nothing-here --port 8099
/tmp/nothing-here has no model.pt, tokenizer.json. Fetch a published checkpoint with `myna-weights --dest /tmp/nothing-here`, or name a directory that already has one with --ckpt.

$ /tmp/venv-git/bin/pip show huggingface-hub | grep Required-by   # the one extra pip pulled, and where it comes from
Required-by: tokenizers
  # tokenizers requires it; `myna.weights` imports urllib only (guarded by
  # tests/test_weights.py::test_the_fetcher_adds_no_dependency).
