


tokenizer trained: 1740
params: 14449280
step     0  loss 1.247  ema 1.247  7s
step   200  loss 1.057  ema 1.148  313s
step   400  loss 1.171  ema 1.163  1329s
step   500  dev-mid acc 0.4682
step   600  loss 1.211  ema 1.029  2049s
step   800  loss 0.786  ema 0.956  2311s
step  1000  loss 0.509  ema 0.637  2571s
step  1000  dev-mid acc 0.6997
step  1200  loss 0.550  ema 0.289  2838s
step  1400  loss 0.037  ema 0.149  3253s
step  1500  dev-mid acc 0.9207
step  1600  loss 0.076  ema 0.077  3764s
step  1800  loss 0.128  ema 0.049  4150s
step  2000  loss 0.037  ema 0.055  4808s
step  2000  dev-mid acc 0.9340
step  2200  loss 0.009  ema 0.022  5268s
step  2400  loss 0.075  ema 0.023  5529s
step  2500  dev-mid acc 0.9502
step  2600  loss 0.020  ema 0.022  5827s
step  2800  loss 0.001  ema 0.010  6126s
step  3000  loss 0.018  ema 0.011  6652s
step  3000  dev-mid acc 0.9537
step  3200  loss 0.000  ema 0.004  6964s
step  3400  loss 0.000  ema 0.006  7223s
step  3500  dev-mid acc 0.9572
step  3600  loss 0.003  ema 0.001  7538s
step  3800  loss 0.003  ema 0.010  7814s
step  4000  loss 0.000  ema 0.005  8077s
step  4000  dev-mid acc 0.9549
step  4200  loss 0.001  ema 0.002  8372s
step  4400  loss 0.000  ema 0.001  8634s
step  4500  dev-mid acc 0.9618
step  4600  loss 0.000  ema 0.001  8904s
step  4800  loss 0.000  ema 0.000  9166s
step  5000  loss 0.000  ema 0.001  9427s
step  5000  dev-mid acc 0.9641
step  5200  loss 0.000  ema 0.000  9695s
step  5400  loss 0.000  ema 0.000  9956s
step  5500  dev-mid acc 0.9641
step  5600  loss 0.000  ema 0.000  10225s
step  5800  loss 0.000  ema 0.000  10488s
step  6000  loss 0.000  ema 0.000  10749s
step  6000  dev-mid acc 0.9659
step  6200  loss 0.000  ema 0.000  11017s
step  6400  loss 0.000  ema 0.000  11279s
step  6500  dev-mid acc 0.9630
step  6600  loss 0.000  ema 0.000  11589s
step  6800  loss 0.000  ema 0.000  11887s
step  7000  loss 0.000  ema 0.000  12189s
step  7000  dev-mid acc 0.9670
step  7200  loss 0.000  ema 0.000  12514s
step  7400  loss 0.000  ema 0.000  12840s
step  7500  dev-mid acc 0.9682
step  7600  loss 0.000  ema 0.000  13178s
step  7800  loss 0.000  ema 0.000  13499s
step  8000  loss 0.000  ema 0.000  13820s
step  8000  dev-mid acc 0.9682
step  8200  loss 0.000  ema 0.000  14153s
step  8400  loss 0.000  ema 0.000  14598s
step  8500  dev-mid acc 0.9682
step  8600  loss 0.000  ema 0.000  14933s
step  8800  loss 0.000  ema 0.000  15383s
step  8999  loss 0.000  ema 0.000  15693s
temperature: 3.0
=== dev ===
incident/page_oncall             0.9683
incident/page_oncall:brier       0.0264
incident/page_oncall:ece         0.0143
incident/severity                0.9608
incident/severity:ece            0.0184
incident/team                    0.9633
incident/team:ece                0.0103
moderation/action                0.9783
moderation/action:ece            0.0080
moderation/category              0.9450
moderation/category:ece          0.0302
moderation/repeat_appeal         0.9758
moderation/repeat_appeal:brier   0.0204
moderation/repeat_appeal:ece     0.0089
support/churn_risk               0.9658
support/churn_risk:brier         0.0270
support/churn_risk:ece           0.0194
support/department               0.9500
support/department:ece           0.0264
support/urgency                  0.9317
support/urgency:ece              0.0438
=== test ===
incident/page_oncall             0.9458
incident/page_oncall:brier       0.0461
incident/page_oncall:ece         0.0258
incident/severity                0.9583
incident/severity:ece            0.0193
incident/team                    0.9600
incident/team:ece                0.0197
moderation/action                0.9742
moderation/action:ece            0.0115
moderation/category              0.9483
moderation/category:ece          0.0273
moderation/repeat_appeal         0.9458
moderation/repeat_appeal:brier   0.0426
moderation/repeat_appeal:ece     0.0373
support/churn_risk               0.9633
support/churn_risk:brier         0.0278
support/churn_risk:ece           0.0162
support/department               0.9467
support/department:ece           0.0285
support/urgency                  0.9283
support/urgency:ece              0.0415
saved checkpoint to runs/myna-v0
